running develop
running egg_info
creating rosbot.egg-info
writing rosbot.egg-info/PKG-INFO
writing dependency_links to rosbot.egg-info/dependency_links.txt
writing entry points to rosbot.egg-info/entry_points.txt
writing requirements to rosbot.egg-info/requires.txt
writing top-level names to rosbot.egg-info/top_level.txt
writing manifest file 'rosbot.egg-info/SOURCES.txt'
reading manifest file 'rosbot.egg-info/SOURCES.txt'
writing manifest file 'rosbot.egg-info/SOURCES.txt'
running build_ext
Creating /home/ubuntu/ros2_ws/src/rosbot/install/rosbot/lib/python3.10/site-packages/rosbot.egg-link (link to .)
Installing teleop_joy script to /home/ubuntu/ros2_ws/src/rosbot/install/rosbot/lib/rosbot

Installed /home/ubuntu/ros2_ws/src/rosbot/build/rosbot
running symlink_data
creating /home/ubuntu/ros2_ws/src/rosbot/install/rosbot/share/ament_index
creating /home/ubuntu/ros2_ws/src/rosbot/install/rosbot/share/ament_index/resource_index
creating /home/ubuntu/ros2_ws/src/rosbot/install/rosbot/share/ament_index/resource_index/packages
symbolically linking /home/ubuntu/ros2_ws/src/rosbot/build/rosbot/resource/rosbot -> /home/ubuntu/ros2_ws/src/rosbot/install/rosbot/share/ament_index/resource_index/packages
symbolically linking /home/ubuntu/ros2_ws/src/rosbot/build/rosbot/package.xml -> /home/ubuntu/ros2_ws/src/rosbot/install/rosbot/share/rosbot
creating /home/ubuntu/ros2_ws/src/rosbot/install/rosbot/share/rosbot/launch
symbolically linking /home/ubuntu/ros2_ws/src/rosbot/build/rosbot/launch/launch.py -> /home/ubuntu/ros2_ws/src/rosbot/install/rosbot/share/rosbot/launch
